Microchip MPLAB XC8 Compiler V2.46

Linker command line:

-W-3 \
  --edf=C:\Program Files\Microchip\xc8\v2.46\pic\dat\20240104201356_en.msgs \
  -cn -h+dist/default/production\car_box.X.production.sym \
  --cmf=dist/default/production\car_box.X.production.cmf -z -Q18F4580 \
  -oC:\Users\Admin\AppData\Local\Temp\xcAsd4s.\driver_tmp_3.o \
  --defsym=__MPLAB_BUILD=1 --fixupoverflow=error \
  -Mdist/default/production/car_box.X.production.map \
  --md=C:\Users\Admin\AppData\Local\Temp\xcAsd4s.\driver_tmp_0.dat -E1 \
  -ver=XC8 Compiler --acfsm=1493 -ACODE=00h-03000h -ACONST=00h-03000h \
  -ASMALLCONST=0600h-06FFhx42,03000h-03000h -AMEDIUMCONST=0600h-03000h \
  -ACOMRAM=01h-05Fh -AABS1=00h-05FFh -ABIGRAM=01h-05FFh \
  -ARAM=060h-0FFh,0100h-01FFhx5 -ABANK0=060h-0FFh -ABANK1=0100h-01FFh \
  -ABANK2=0200h-02FFh -ABANK3=0300h-03FFh -ABANK4=0400h-04FFh \
  -ABANK5=0500h-05FFh -ASFR=0D00h-0DFFhx2,0F00h-0F5Fh,0F60h-0FFFh \
  -ABIGSFR=0D00h-0FFFh -ACONFIG=0300000h-030000Dh -AIDLOC=0200000h-0200007h \
  -AEEDATA=0F00000h-0F000FFh -peeprom_data=EEDATA \
  -preset_vec=00h,intcode=8h,intcodelo,powerup,init -pramtop=0600h \
  -psmallconst=SMALLCONST -pmediumconst=MEDIUMCONST -pconst=CONST \
  -AFARRAM=00h-00h \
  -prdata=COMRAM,nvrram=COMRAM,nvbit=COMRAM,rbss=COMRAM,rbit=COMRAM \
  -pfarbss=FARRAM,fardata=FARRAM,nvFARRAM=FARRAM \
  -pintsave_regs=BIGRAM,bigbss=BIGRAM,bigdata=BIGRAM -pbss=RAM \
  -pidata=CODE,irdata=CODE,ibigdata=CODE,ifardata=CODE -prparam=COMRAM \
  C:\Users\Admin\AppData\Local\Temp\xcAsd4s.\driver_tmp_9.o \
  dist/default/production\car_box.X.production.o 

Object code version is 3.11

Machine type is 18F4580



                Name                               Link     Load   Length Selector   Space Scale
C:\Users\Admin\AppData\Local\Temp\xcAsd4s.\driver_tmp_9.o
                idloc                            200000   200000        8        0       5
                config                           300000   300000        E        0       4
                init                                  E        E        4        4       0
                reset_vec                             0        0        4        0       0
dist/default/production\car_box.X.production.o
                intcode                               8        8        6        4       0
                idloc                            200000   200000        8        0       5
                config                           300000   300000        E        0       4
                temp                                 5A       5A        1        1       1
                mediumconst                        2E7C     2E7C      184     173E       0
                intcode_body                       1AE8     1AE8       62        4       0
                text43                             1CB8     1CB8       3A        4       0
                text42                             1A18     1A18       6C        4       0
                text41                             1938     1938       74        4       0
                text40                             1A84     1A84       64        4       0
                text39                             1E80     1E80       12        4       0
                text38                             1EC2     1EC2        8        4       0
                text37                             1EBA     1EBA        8        4       0
                text36                             1E9E     1E9E        C        4       0
                text35                             1C78     1C78       40        4       0
                text34                             150A     150A      106        4       0
                text33                              874      874      3EC        4       0
                text32                             1C36     1C36       42        4       0
                text31                             1610     1610      102        4       0
                text30                             1DFE     1DFE       18        4       0
                text29                             1BF0     1BF0       46        4       0
                text28                             19AC     19AC       6C        4       0
                text27                             1ECA     1ECA        6        4       0
                text26                             1EB2     1EB2        8        4       0
                text25                             1E92     1E92        C        4       0
                text24                             1EAA     1EAA        8        4       0
                text23                             1D7C     1D7C       2A        4       0
                text22                             1842     1842       80        4       0
                text21                             17BA     17BA       88        4       0
                text20                             1D52     1D52       2A        4       0
                text19                             1E58     1E58       16        4       0
                text18                             1CF2     1CF2       36        4       0
                text17                             1D28     1D28       2A        4       0
                text16                             12F2     12F2      110        4       0
                text15                             1DA6     1DA6       20        4       0
                text14                             1712     1712       A8        4       0
                text13                             1DC6     1DC6       1E        4       0
                text12                             1BA8     1BA8       48        4       0
                text11                             1E42     1E42       16        4       0
                text10                             1E6E     1E6E       12        4       0
                text9                              1E2C     1E2C       16        4       0
                text8                              1014     1014      176        4       0
                text7                              1E16     1E16       16        4       0
                text6                                12       12      446        4       0
                text5                              1402     1402      108        4       0
                text4                              18C2     18C2       76        4       0
                text3                              118A     118A      168        4       0
                text2                               458      458      41C        4       0
                text1                               C60      C60      234        4       0
                text0                               E94      E94      180        4       0
                cstackCOMRAM                         35       35       23        1       1
                dataBANK0                            83       83       1A       60       1
                bssBANK0                             60       60       23       60       1
                dataCOMRAM                           58       58        2        1       1
                bssCOMRAM                             1        1       34        1       1
                cinit                              1B4A     1B4A       5E        4       0
                idataBANK0                         1DE4     1DE4       1A        4       0
                idataCOMRAM                        1ED0     1ED0        2        4       0

TOTAL           Name                               Link     Load   Length     Space
        CLASS   CODE           
                intcode                               8        8        6         0
                init                                  E        E        4         0
                reset_vec                             0        0        4         0
                intcode_body                       1AE8     1AE8       62         0
                text43                             1CB8     1CB8       3A         0
                text42                             1A18     1A18       6C         0
                text41                             1938     1938       74         0
                text40                             1A84     1A84       64         0
                text39                             1E80     1E80       12         0
                text38                             1EC2     1EC2        8         0
                text37                             1EBA     1EBA        8         0
                text36                             1E9E     1E9E        C         0
                text35                             1C78     1C78       40         0
                text34                             150A     150A      106         0
                text33                              874      874      3EC         0
                text32                             1C36     1C36       42         0
                text31                             1610     1610      102         0
                text30                             1DFE     1DFE       18         0
                text29                             1BF0     1BF0       46         0
                text28                             19AC     19AC       6C         0
                text27                             1ECA     1ECA        6         0
                text26                             1EB2     1EB2        8         0
                text25                             1E92     1E92        C         0
                text24                             1EAA     1EAA        8         0
                text23                             1D7C     1D7C       2A         0
                text22                             1842     1842       80         0
                text21                             17BA     17BA       88         0
                text20                             1D52     1D52       2A         0
                text19                             1E58     1E58       16         0
                text18                             1CF2     1CF2       36         0
                text17                             1D28     1D28       2A         0
                text16                             12F2     12F2      110         0
                text15                             1DA6     1DA6       20         0
                text14                             1712     1712       A8         0
                text13                             1DC6     1DC6       1E         0
                text12                             1BA8     1BA8       48         0
                text11                             1E42     1E42       16         0
                text10                             1E6E     1E6E       12         0
                text9                              1E2C     1E2C       16         0
                text8                              1014     1014      176         0
                text7                              1E16     1E16       16         0
                text6                                12       12      446         0
                text5                              1402     1402      108         0
                text4                              18C2     18C2       76         0
                text3                              118A     118A      168         0
                text2                               458      458      41C         0
                text1                               C60      C60      234         0
                text0                               E94      E94      180         0
                cinit                              1B4A     1B4A       5E         0
                idataBANK0                         1DE4     1DE4       1A         0
                idataCOMRAM                        1ED0     1ED0        2         0

        CLASS   CONST          

        CLASS   SMALLCONST     

        CLASS   MEDIUMCONST    
                mediumconst                        2E7C     2E7C      184         0

        CLASS   COMRAM         
                temp                                 5A       5A        1         1
                cstackCOMRAM                         35       35       23         1
                dataCOMRAM                           58       58        2         1
                bssCOMRAM                             1        1       34         1

        CLASS   ABS1           

        CLASS   BIGRAM         

        CLASS   RAM            

        CLASS   BANK0          
                dataBANK0                            83       83       1A         1
                bssBANK0                             60       60       23         1

        CLASS   BANK1          

        CLASS   BANK2          

        CLASS   BANK3          

        CLASS   BANK4          

        CLASS   BANK5          

        CLASS   SFR            

        CLASS   BIGSFR         

        CLASS   CONFIG         
                config                           300000   300000        E         4

        CLASS   IDLOC          
                idloc                            200000   200000        8         5

        CLASS   EEDATA         

        CLASS   FARRAM         

        CLASS   HEAP           

        CLASS   STACK          



SEGMENTS        Name                           Load    Length   Top    Selector   Space  Class

                reset_vec                      000000  000004  000004         0       0  CODE    
                bssCOMRAM                      000001  00005A  00005B         1       1  COMRAM  
                intcode                        000008  001ECA  001ED2         4       0  CODE    
                bssBANK0                       000060  00003D  00009D        60       1  BANK0   
                mediumconst                    002E7C  000184  003000      173E       0  MEDIUMCO


UNUSED ADDRESS RANGES

        Name                Unused          Largest block    Delta
        BANK0            00009D-0000FF               63
        BANK1            000100-0001FF              100
        BANK2            000200-0002FF              100
        BANK3            000300-0003FF              100
        BANK4            000400-0004FF              100
        BANK5            000500-0005FF              100
        BIGRAM           00005B-00005F                5
                         00009D-0005FF              563
        BIGSFR           000D00-000FFF              300
        CODE             000004-000007                4
                         001ED2-002E7B              FAA
                         003000-003000                1
        COMRAM           00005B-00005F                5
        CONST            000004-000007                4
                         001ED2-002E7B              FAA
                         003000-003000                1
        EEDATA           F00000-F000FF              100
        MEDIUMCONST      001ED2-002E7B              FAA
                         003000-003000                1
        RAM              00009D-0005FF              100
        SFR              000D00-000FFF              100
        SMALLCONST       001ED2-002E7B              100
                         003000-003000                1

                                  Symbol Table

?___lwdiv                      cstackCOMRAM 000035
?___lwmod                      cstackCOMRAM 00003C
?_read_adc                     cstackCOMRAM 000035
_ABDEN                         (abs)        007DC0
_ABDOVF                        (abs)        007DC7
_ACKDT                         (abs)        007E2D
_ACKEN                         (abs)        007E2C
_ACKSTAT                       (abs)        007E2E
_ACQT0                         (abs)        007E03
_ACQT1                         (abs)        007E04
_ACQT2                         (abs)        007E05
_ADCON0                        (abs)        000FC2
_ADCON1                        (abs)        000FC1
_ADCS0                         (abs)        007E00
_ADCS1                         (abs)        007E01
_ADCS2                         (abs)        007E02
_ADFM                          (abs)        007E07
_ADON                          (abs)        007E10
_ADRESH                        (abs)        000FC4
_ADRESL                        (abs)        000FC3
_BCLIF                         (abs)        007D0B
_BRG16                         (abs)        007DC3
_BRGH                          (abs)        007D62
_CKE                           (abs)        007E3E
_CREN                          (abs)        007D5C
_GIE                           (abs)        007F97
_GO                            (abs)        007E11
_GODONE                        (abs)        007E11
_PEIE                          (abs)        007F96
_PEN                           (abs)        007E2A
_PORTB                         (abs)        000F81
_PORTBbits                     (abs)        000F81
_PORTD                         (abs)        000F83
_PSA                           (abs)        007EAB
_RBPU                          (abs)        007F8F
_RC0                           (abs)        007C10
_RC1                           (abs)        007C11
_RC2                           (abs)        007C12
_RCEN                          (abs)        007E2B
_RCIE                          (abs)        007CED
_RCIF                          (abs)        007CF5
_RCREG                         (abs)        000FAE
_RD7                           (abs)        007C1F
_RSEN                          (abs)        007E29
_RX9                           (abs)        007D5E
_SEN                           (abs)        007E28
_SENDB                         (abs)        007D63
_SMP                           (abs)        007E3F
_SPBRG                         (abs)        000FAF
_SPEN                          (abs)        007D5F
_SSPADD                        (abs)        000FC8
_SSPBUF                        (abs)        000FC9
_SSPCON1                       (abs)        000FC6
_SSPIF                         (abs)        007CF3
_SYNC                          (abs)        007D64
_T08BIT                        (abs)        007EAE
_T0CS                          (abs)        007EAD
_TMR0                          (abs)        000FD6
_TMR0IE                        (abs)        007F95
_TMR0IF                        (abs)        007F92
_TMR0ON                        (abs)        007EAF
_TRISB                         (abs)        000F93
_TRISC                         (abs)        000F94
_TRISC3                        (abs)        007CA3
_TRISC4                        (abs)        007CA4
_TRISC6                        (abs)        007CA6
_TRISC7                        (abs)        007CA7
_TRISD                         (abs)        000F95
_TRISD7                        (abs)        007CAF
_TX9                           (abs)        007D66
_TXEN                          (abs)        007D65
_TXIE                          (abs)        007CEC
_TXIF                          (abs)        007CF4
_TXREG                         (abs)        000FAD
_VCFG0                         (abs)        007E0C
_VCFG1                         (abs)        007E0D
_WUE                           (abs)        007DC1
__HRAM                         (abs)        000000
__H__absolute__                __absolute__ 000000
__Habs1                        abs1         000000
__Hbank0                       bank0        000000
__Hbank1                       bank1        000000
__Hbank2                       bank2        000000
__Hbank3                       bank3        000000
__Hbank4                       bank4        000000
__Hbank5                       bank5        000000
__Hbigbss                      bigbss       000000
__Hbigdata                     bigdata      000000
__Hbigram                      bigram       000000
__Hbigsfr                      bigsfr       000000
__Hbss                         bss          000000
__HbssBANK0                    bssBANK0     000000
__HbssCOMRAM                   bssCOMRAM    000000
__Hcinit                       cinit        000000
__Hclrtext                     clrtext      000000
__Hcomram                      comram       000000
__Hconfig                      config       30000E
__Hconst                       const        000000
__HcstackCOMRAM                cstackCOMRAM 000000
__Hdata                        data         000000
__HdataBANK0                   dataBANK0    000000
__HdataCOMRAM                  dataCOMRAM   000000
__Heeprom_data                 eeprom_data  000000
__Hfarbss                      farbss       000000
__Hfardata                     fardata      000000
__Hheap                        heap         000000
__Hibigdata                    ibigdata     000000
__Hidata                       idata        000000
__HidataBANK0                  idataBANK0   000000
__HidataCOMRAM                 idataCOMRAM  000000
__Hidloc                       idloc        200008
__Hifardata                    ifardata     000000
__Hinit                        init         000012
__Hintcode                     intcode      00000E
__Hintcode_body                intcode_body 000000
__Hintcodelo                   intcodelo    00000E
__Hintentry                    intentry     000000
__Hintret                      intret       000000
__Hintsave_regs                intsave_regs 000000
__Hirdata                      irdata       000000
__Hmediumconst                 mediumconst  003000
__HnvFARRAM                    nvFARRAM     000000
__Hnvbit                       nvbit        000000
__Hnvrram                      nvrram       000000
__Hparam                       rparam       000000
__Hpowerup                     powerup      00000E
__Hram                         ram          000000
__Hramtop                      ramtop       000600
__Hrbit                        rbit         000000
__Hrbss                        rbss         000000
__Hrdata                       rdata        000000
__Hreset_vec                   reset_vec    000004
__Hrparam                      rparam       000000
__Hsfr                         sfr          000000
__Hsivt_hi                     sivt_hi      000000
__Hsivt_lo                     sivt_lo      000000
__Hsmallconst                  smallconst   000000
__Hspace_0                     (abs)        003000
__Hspace_1                     (abs)        00009D
__Hspace_2                     (abs)        000000
__Hspace_4                     (abs)        60000E
__Hstack                       stack        000000
__Hstruct                      struct       000000
__Htemp                        temp         00005B
__Htext                        text         000000
__Htext0                       text0        000000
__Htext1                       text1        000000
__Htext10                      text10       000000
__Htext11                      text11       000000
__Htext12                      text12       000000
__Htext13                      text13       000000
__Htext14                      text14       000000
__Htext15                      text15       000000
__Htext16                      text16       000000
__Htext17                      text17       000000
__Htext18                      text18       000000
__Htext19                      text19       000000
__Htext2                       text2        000000
__Htext20                      text20       000000
__Htext21                      text21       000000
__Htext22                      text22       000000
__Htext23                      text23       000000
__Htext24                      text24       000000
__Htext25                      text25       000000
__Htext26                      text26       000000
__Htext27                      text27       000000
__Htext28                      text28       000000
__Htext29                      text29       000000
__Htext3                       text3        000000
__Htext30                      text30       000000
__Htext31                      text31       000000
__Htext32                      text32       000000
__Htext33                      text33       000000
__Htext34                      text34       000000
__Htext35                      text35       000000
__Htext36                      text36       000000
__Htext37                      text37       000000
__Htext38                      text38       000000
__Htext39                      text39       000000
__Htext4                       text4        000000
__Htext40                      text40       000000
__Htext41                      text41       000000
__Htext42                      text42       000000
__Htext43                      text43       000000
__Htext5                       text5        000000
__Htext6                       text6        000000
__Htext7                       text7        000000
__Htext8                       text8        000000
__Htext9                       text9        000000
__LRAM                         (abs)        000001
__L__absolute__                __absolute__ 000000
__Labs1                        abs1         000000
__Lbank0                       bank0        000000
__Lbank1                       bank1        000000
__Lbank2                       bank2        000000
__Lbank3                       bank3        000000
__Lbank4                       bank4        000000
__Lbank5                       bank5        000000
__Lbigbss                      bigbss       000000
__Lbigdata                     bigdata      000000
__Lbigram                      bigram       000000
__Lbigsfr                      bigsfr       000000
__Lbss                         bss          000000
__LbssBANK0                    bssBANK0     000000
__LbssCOMRAM                   bssCOMRAM    000000
__Lcinit                       cinit        000000
__Lclrtext                     clrtext      000000
__Lcomram                      comram       000000
__Lconfig                      config       000000
__Lconst                       const        000000
__LcstackCOMRAM                cstackCOMRAM 000000
__Ldata                        data         000000
__LdataBANK0                   dataBANK0    000000
__LdataCOMRAM                  dataCOMRAM   000000
__Leeprom_data                 eeprom_data  000000
__Lfarbss                      farbss       000000
__Lfardata                     fardata      000000
__Lheap                        heap         000000
__Libigdata                    ibigdata     000000
__Lidata                       idata        000000
__LidataBANK0                  idataBANK0   000000
__LidataCOMRAM                 idataCOMRAM  000000
__Lidloc                       idloc        000000
__Lifardata                    ifardata     000000
__Linit                        init         00000E
__Lintcode                     intcode      000008
__Lintcode_body                intcode_body 000000
__Lintcodelo                   intcodelo    00000E
__Lintentry                    intentry     000000
__Lintret                      intret       000000
__Lintsave_regs                intsave_regs 000000
__Lirdata                      irdata       000000
__Lmediumconst                 mediumconst  002E7C
__LnvFARRAM                    nvFARRAM     000000
__Lnvbit                       nvbit        000000
__Lnvrram                      nvrram       000000
__Lparam                       rparam       000000
__Lpowerup                     powerup      00000E
__Lram                         ram          000000
__Lramtop                      ramtop       000600
__Lrbit                        rbit         000000
__Lrbss                        rbss         000000
__Lrdata                       rdata        000000
__Lreset_vec                   reset_vec    000000
__Lrparam                      rparam       000000
__Lsfr                         sfr          000000
__Lsivt_hi                     sivt_hi      000000
__Lsivt_lo                     sivt_lo      000000
__Lsmallconst                  smallconst   000000
__Lspace_0                     (abs)        000000
__Lspace_1                     (abs)        000000
__Lspace_2                     (abs)        000000
__Lspace_4                     (abs)        000000
__Lstack                       stack        000000
__Lstruct                      struct       000000
__Ltemp                        temp         00005A
__Ltext                        text         000000
__Ltext0                       text0        000000
__Ltext1                       text1        000000
__Ltext10                      text10       000000
__Ltext11                      text11       000000
__Ltext12                      text12       000000
__Ltext13                      text13       000000
__Ltext14                      text14       000000
__Ltext15                      text15       000000
__Ltext16                      text16       000000
__Ltext17                      text17       000000
__Ltext18                      text18       000000
__Ltext19                      text19       000000
__Ltext2                       text2        000000
__Ltext20                      text20       000000
__Ltext21                      text21       000000
__Ltext22                      text22       000000
__Ltext23                      text23       000000
__Ltext24                      text24       000000
__Ltext25                      text25       000000
__Ltext26                      text26       000000
__Ltext27                      text27       000000
__Ltext28                      text28       000000
__Ltext29                      text29       000000
__Ltext3                       text3        000000
__Ltext30                      text30       000000
__Ltext31                      text31       000000
__Ltext32                      text32       000000
__Ltext33                      text33       000000
__Ltext34                      text34       000000
__Ltext35                      text35       000000
__Ltext36                      text36       000000
__Ltext37                      text37       000000
__Ltext38                      text38       000000
__Ltext39                      text39       000000
__Ltext4                       text4        000000
__Ltext40                      text40       000000
__Ltext41                      text41       000000
__Ltext42                      text42       000000
__Ltext43                      text43       000000
__Ltext5                       text5        000000
__Ltext6                       text6        000000
__Ltext7                       text7        000000
__Ltext8                       text8        000000
__Ltext9                       text9        000000
__S0                           (abs)        003000
__S1                           (abs)        00009D
__S4                           (abs)        000000
__S5                           (abs)        000000
___heap_hi                     (abs)        000000
___heap_lo                     (abs)        000000
___inthi_sp                    stack        000000
___inthi_stack_hi              stack        000000
___inthi_stack_lo              stack        000000
___intlo_sp                    stack        000000
___intlo_stack_hi              stack        000000
___intlo_stack_lo              stack        000000
___lwdiv                       text41       001938
___lwdiv@counter               cstackCOMRAM 00003B
___lwdiv@dividend              cstackCOMRAM 000035
___lwdiv@divisor               cstackCOMRAM 000037
___lwdiv@quotient              cstackCOMRAM 000039
___lwmod                       text40       001A84
___lwmod@counter               cstackCOMRAM 000040
___lwmod@dividend              cstackCOMRAM 00003C
___lwmod@divisor               cstackCOMRAM 00003E
___param_bank                  (abs)        000000
___rparam_used                 (abs)        000001
___sp                          stack        000000
___stack_hi                    stack        000000
___stack_lo                    stack        000000
__accesstop                    (abs)        000060
__activetblptr                 (abs)        000002
__end_of___lwdiv               text41       0019AC
__end_of___lwmod               text40       001AE8
__end_of__initialization       cinit        001B9A
__end_of_change_pass           text33       000C60
__end_of_clcd_print            text42       001A84
__end_of_clcd_putch            text30       001E16
__end_of_clcd_write            text43       001CF2
__end_of_clear_log             text32       001C78
__end_of_dashboard             text21       001842
__end_of_display_event         text31       001712
__end_of_display_speed         text28       001A18
__end_of_display_time          text22       0018C2
__end_of_download_log          text16       001402
__end_of_i2c_idle              text39       001E92
__end_of_i2c_no_ack            text27       001ED0
__end_of_i2c_read              text25       001E9E
__end_of_i2c_rep_start         text24       001EB2
__end_of_i2c_rx_mode           text26       001EBA
__end_of_i2c_start             text38       001ECA
__end_of_i2c_stop              text37       001EC2
__end_of_i2c_write             text36       001EAA
__end_of_init_adc              text15       001DC6
__end_of_init_clcd             text14       0017BA
__end_of_init_ds1307           text12       001BF0
__end_of_init_i2c              text11       001E58
__end_of_init_matrix_keypad    text10       001E80
__end_of_init_timer0           text7        001E2C
__end_of_init_uart             text20       001D7C
__end_of_inti_config           text9        001E42
__end_of_isr                   intcode_body 001B4A
__end_of_main                  text0        001014
__end_of_menu                  text8        00118A
__end_of_password              text6        000458
__end_of_putch                 text19       001E6E
__end_of_puts                  text18       001D28
__end_of_read_adc              text29       001C36
__end_of_read_ds1307           text23       001DA6
__end_of_read_external_eeprom  text17       001D52
__end_of_read_switches         text4        001938
__end_of_save_exit             text3        0012F2
__end_of_scan_key              text5        00150A
__end_of_settime               text2        000874
__end_of_store_event           text34       001610
__end_of_view_log              text1        000E94
__end_of_write_ds1307          text13       001DE4
__end_of_write_external_eeprom text35       001CB8
__initialization               cinit        001B4A
__mediumconst                  mediumconst  002E7C
__pbssBANK0                    bssBANK0     000060
__pbssCOMRAM                   bssCOMRAM    000001
__pcinit                       cinit        001B4A
__pcstackCOMRAM                cstackCOMRAM 000035
__pdataBANK0                   dataBANK0    000083
__pdataCOMRAM                  dataCOMRAM   000058
__pidataBANK0                  idataBANK0   001DE4
__pidataCOMRAM                 idataCOMRAM  001ED0
__pintcode                     intcode      000008
__pintcode_body                intcode_body 001AE8
__pmediumconst                 mediumconst  002E7C
__ptext0                       text0        000E94
__ptext1                       text1        000C60
__ptext10                      text10       001E6E
__ptext11                      text11       001E42
__ptext12                      text12       001BA8
__ptext13                      text13       001DC6
__ptext14                      text14       001712
__ptext15                      text15       001DA6
__ptext16                      text16       0012F2
__ptext17                      text17       001D28
__ptext18                      text18       001CF2
__ptext19                      text19       001E58
__ptext2                       text2        000458
__ptext20                      text20       001D52
__ptext21                      text21       0017BA
__ptext22                      text22       001842
__ptext23                      text23       001D7C
__ptext24                      text24       001EAA
__ptext25                      text25       001E92
__ptext26                      text26       001EB2
__ptext27                      text27       001ECA
__ptext28                      text28       0019AC
__ptext29                      text29       001BF0
__ptext3                       text3        00118A
__ptext30                      text30       001DFE
__ptext31                      text31       001610
__ptext32                      text32       001C36
__ptext33                      text33       000874
__ptext34                      text34       00150A
__ptext35                      text35       001C78
__ptext36                      text36       001E9E
__ptext37                      text37       001EBA
__ptext38                      text38       001EC2
__ptext39                      text39       001E80
__ptext4                       text4        0018C2
__ptext40                      text40       001A84
__ptext41                      text41       001938
__ptext42                      text42       001A18
__ptext43                      text43       001CB8
__ptext5                       text5        001402
__ptext6                       text6        000012
__ptext7                       text7        001E16
__ptext8                       text8        001014
__ptext9                       text9        001E2C
__ramtop                       ramtop       000600
__smallconst                   smallconst   000000
_arr                           bssBANK0     000060
_atmpt                         dataCOMRAM   000058
_change_pass                   text33       000874
_clcd_print                    text42       001A18
_clcd_putch                    text30       001DFE
_clcd_write                    text43       001CB8
_clear_log                     text32       001C36
_clock_reg                     bssCOMRAM    000001
_cp_f                          bssCOMRAM    000025
_dashboard                     text21       0017BA
_display_event                 text31       001610
_display_speed                 text28       0019AC
_display_time                  text22       001842
_download_log                  text16       0012F2
_dummy                         bssCOMRAM    00001E
_ent_pass                      bssBANK0     00007B
_event                         dataBANK0    000083
_flag                          bssCOMRAM    000012
_flag1                         bssCOMRAM    000018
_hrs                           bssCOMRAM    000008
_i                             bssCOMRAM    00001A
_i2c_idle                      text39       001E80
_i2c_no_ack                    text27       001ECA
_i2c_read                      text25       001E92
_i2c_rep_start                 text24       001EAA
_i2c_rx_mode                   text26       001EB2
_i2c_start                     text38       001EC2
_i2c_stop                      text37       001EBA
_i2c_write                     text36       001E9E
_i@menu$F461                   bssCOMRAM    000010
_init_adc                      text15       001DA6
_init_clcd                     text14       001712
_init_ds1307                   text12       001BA8
_init_i2c                      text11       001E42
_init_matrix_keypad            text10       001E6E
_init_timer0                   text7        001E16
_init_uart                     text20       001D52
_inti_config                   text9        001E2C
_isr                           intcode      000008
_j                             bssCOMRAM    000026
_key                           bssCOMRAM    000028
_lap                           bssCOMRAM    000024
_logs                          dataBANK0    000093
_main                          text0        000E94
_main_f                        bssCOMRAM    00002B
_menu                          text8        001014
_menu_f                        bssCOMRAM    00002A
_min                           bssCOMRAM    000006
_new_password                  bssBANK0     00007F
_oe_pass                       bssBANK0     000077
_on                            bssCOMRAM    000029
_overflow                      bssCOMRAM    000023
_password                      text6        000012
_putch                         text19       001E58
_puts                          text18       001CF2
_re_password                   bssBANK0     00006B
_read_adc                      text29       001BF0
_read_ds1307                   text23       001D7C
_read_external_eeprom          text17       001D28
_read_switches                 text4        0018C2
_save_exit                     text3        00118A
_scan_key                      text5        001402
_sec                           bssCOMRAM    000016
_secs                          bssCOMRAM    000004
_settime                       text2        000458
_speed                         bssCOMRAM    00001C
_store_event                   text34       00150A
_t_flag                        bssCOMRAM    00000A
_time                          bssCOMRAM    00002C
_time_flag                     bssCOMRAM    00000C
_view_log                      text1        000C60
_write_ds1307                  text13       001DC6
_write_external_eeprom         text35       001C78
btemp                          temp         00005A
change_pass@delay              bssCOMRAM    00000E
change_pass@i                  cstackCOMRAM 000051
change_pass@i_578              cstackCOMRAM 000047
change_pass@i_583              cstackCOMRAM 00004B
change_pass@index1             bssCOMRAM    000021
change_pass@index2             bssCOMRAM    000020
change_pass@key                cstackCOMRAM 000050
change_pass@pass_f             bssCOMRAM    00001F
change_pass@prev_i             cstackCOMRAM 00004F
clcd_print@addr                cstackCOMRAM 000039
clcd_print@data                cstackCOMRAM 000037
clcd_putch@addr                cstackCOMRAM 000041
clcd_putch@data                cstackCOMRAM 000042
clcd_write@byte                cstackCOMRAM 000036
clcd_write@control_bit         cstackCOMRAM 000035
clear_log@key                  cstackCOMRAM 00003A
dashboard@key                  cstackCOMRAM 000046
display_event@key              cstackCOMRAM 000045
display_speed@adc_reg_val      cstackCOMRAM 000043
download_log@i                 cstackCOMRAM 000049
download_log@i_541             cstackCOMRAM 000045
download_log@j                 cstackCOMRAM 00004A
end_of_initialization          cinit        001B9A
i2c_write@data                 cstackCOMRAM 000035
init_ds1307@dummy              cstackCOMRAM 000043
int$flags                      temp         00005A
int_func                       intcode_body 001AE8
intlevel0                      text         000000
intlevel1                      text         000000
intlevel2                      text         000000
intlevel3                      text         000000
isa$std                        (abs)        000001
isa$xinst                      (abs)        000000
isr@count                      bssBANK0     00006F
main@delay                     cstackCOMRAM 000055
main@key                       cstackCOMRAM 000057
main@prev_key                  cstackCOMRAM 000053
menu@key                       cstackCOMRAM 000043
password@count                 bssBANK0     000073
password@delay                 bssCOMRAM    000014
password@i                     cstackCOMRAM 000050
password@i_340                 cstackCOMRAM 00004E
password@i_347                 cstackCOMRAM 000051
password@i_350                 cstackCOMRAM 000045
password@k                     cstackCOMRAM 000049
password@k_339                 cstackCOMRAM 00004A
password@key                   cstackCOMRAM 00004B
password@pass_f                cstackCOMRAM 00004C
putch@byte                     cstackCOMRAM 000035
puts@s                         cstackCOMRAM 000036
read_adc@channel               cstackCOMRAM 00003B
read_adc@reg_val               cstackCOMRAM 000039
read_ds1307@address            cstackCOMRAM 000036
read_ds1307@data               cstackCOMRAM 000037
read_external_eeprom@address   cstackCOMRAM 000036
read_external_eeprom@data      cstackCOMRAM 000037
read_switches@detection_type   cstackCOMRAM 000035
read_switches@key              bssCOMRAM    000027
read_switches@once             dataCOMRAM   000059
save_exit@key                  cstackCOMRAM 000045
settime@key                    cstackCOMRAM 000048
stackhi                        (abs)        000000
stacklo                        (abs)        000000
start                          init         00000E
start_initialization           cinit        001B4A
store_event@i                  cstackCOMRAM 000043
ttemp5                         temp         00005B
ttemp6                         temp         00005E
ttemp7                         temp         000062
view_log@i                     bssCOMRAM    000022
view_log@key                   cstackCOMRAM 000048
write_ds1307@address           cstackCOMRAM 000042
write_ds1307@data              cstackCOMRAM 000041
write_external_eeprom@address  cstackCOMRAM 000039
write_external_eeprom@data     cstackCOMRAM 000036
write_external_eeprom@i        cstackCOMRAM 000037
wtemp8                         temp         00005B


MODULE INFORMATION

Module		Function		Class		Link	Load	Size
password.c
		_password      		CODE           	0012	0000	1094

password.c estimated size: 1094

download_log.c
		_download_log  		CODE           	12F2	0000	272

download_log.c estimated size: 272

matrix_keypad.c
		_init_matrix_keypad		CODE           	1E6E	0000	18
		_read_switches 		CODE           	18C2	0000	118
		_scan_key      		CODE           	1402	0000	264

matrix_keypad.c estimated size: 400

uart.c
		_putch         		CODE           	1E58	0000	22
		_init_uart     		CODE           	1D52	0000	42
		_puts          		CODE           	1CF2	0000	54

uart.c estimated size: 118

C:\Program Files\Microchip\xc8\v2.46\pic\sources\c99\common\lwdiv.c
		___lwdiv       		CODE           	1938	0000	116

C:\Program Files\Microchip\xc8\v2.46\pic\sources\c99\common\lwdiv.c estimated size: 116

store_event.c
		_store_event   		CODE           	150A	0000	262

store_event.c estimated size: 262

i2c.c
		_i2c_start     		CODE           	1EC2	0000	8
		_i2c_no_ack    		CODE           	1ECA	0000	6
		_i2c_rep_start 		CODE           	1EAA	0000	8
		_i2c_idle      		CODE           	1E80	0000	18
		_i2c_write     		CODE           	1E9E	0000	12
		_i2c_stop      		CODE           	1EBA	0000	8
		_i2c_read      		CODE           	1E92	0000	12
		_init_i2c      		CODE           	1E42	0000	22
		_i2c_rx_mode   		CODE           	1EB2	0000	8

i2c.c estimated size: 102

dashboard.c
		_display_time  		CODE           	1842	0000	128
		_display_speed 		CODE           	19AC	0000	108
		_display_event 		CODE           	1610	0000	258
		_dashboard     		CODE           	17BA	0000	136

dashboard.c estimated size: 630

timer0.c
		_init_timer0   		CODE           	1E16	0000	22

timer0.c estimated size: 22

ds1307.c
		_read_ds1307   		CODE           	1D7C	0000	42
		_write_ds1307  		CODE           	1DC6	0000	30
		_init_ds1307   		CODE           	1BA8	0000	72

ds1307.c estimated size: 144

eeprom.c
		_write_external_eeprom		CODE           	1C78	0000	64
		_read_external_eeprom		CODE           	1D28	0000	42

eeprom.c estimated size: 106

adc.c
		_init_adc      		CODE           	1DA6	0000	32
		_read_adc      		CODE           	1BF0	0000	70

adc.c estimated size: 102

clear_log.c
		_clear_log     		CODE           	1C36	0000	66

clear_log.c estimated size: 66

isr.c
		_isr           		CODE           	0008	0000	104

isr.c estimated size: 104

change_password.c
		_change_pass   		CODE           	0874	0000	1004

change_password.c estimated size: 1004

shared
		__initialization		CODE           	1B4A	0000	80

shared estimated size: 80

clcd.c
		_clcd_write    		CODE           	1CB8	0000	58
		_clcd_print    		CODE           	1A18	0000	108
		_clcd_putch    		CODE           	1DFE	0000	24
		_init_clcd     		CODE           	1712	0000	168

clcd.c estimated size: 358

menu.c
		_menu          		CODE           	1014	0000	374

menu.c estimated size: 374

set_time.c
		_settime       		CODE           	0458	0000	1052
		_save_exit     		CODE           	118A	0000	360

set_time.c estimated size: 1412

C:\Program Files\Microchip\xc8\v2.46\pic\sources\c99\common\lwmod.c
		___lwmod       		CODE           	1A84	0000	100

C:\Program Files\Microchip\xc8\v2.46\pic\sources\c99\common\lwmod.c estimated size: 100

main.c
		_main          		CODE           	0E94	0000	384
		_inti_config   		CODE           	1E2C	0000	22

main.c estimated size: 406

view_log.c
		_view_log      		CODE           	0C60	0000	564

view_log.c estimated size: 564

